<?xml version="1.0" encoding="utf-8" ?>
<result>
	<row>
		<label>en</label>
		<nb_visits>3</nb_visits>
		<nb_hits>3</nb_hits>
		<nb_hits_with_time_generation>2</nb_hits_with_time_generation>
		<min_time_generation>1.152</min_time_generation>
		<max_time_generation>1.152</max_time_generation>
		<sum_time_spent>360</sum_time_spent>
		<bounce_count>2</bounce_count>
		<exit_nb_visits>2</exit_nb_visits>
		<sum_daily_nb_uniq_visitors>3</sum_daily_nb_uniq_visitors>
		<avg_time_on_dimension>120</avg_time_on_dimension>
		<bounce_rate>67%</bounce_rate>
		<exit_rate>67%</exit_rate>
		<avg_time_generation>0.576</avg_time_generation>
		<segment>dimension3==en</segment>
	</row>
	<row>
		<label>value3</label>
		<nb_visits>1</nb_visits>
		<nb_hits>1</nb_hits>
		<nb_hits_with_time_generation>1</nb_hits_with_time_generation>
		<min_time_generation>0.42</min_time_generation>
		<max_time_generation>0.42</max_time_generation>
		<sum_time_spent>360</sum_time_spent>
		<bounce_count>0</bounce_count>
		<exit_nb_visits>0</exit_nb_visits>
		<sum_daily_nb_uniq_visitors>1</sum_daily_nb_uniq_visitors>
		<avg_time_on_dimension>360</avg_time_on_dimension>
		<bounce_rate>0%</bounce_rate>
		<exit_rate>0%</exit_rate>
		<avg_time_generation>0.42</avg_time_generation>
		<segment>dimension3==value3</segment>
	</row>
	<row>
		<label>value5 3</label>
		<nb_visits>1</nb_visits>
		<nb_hits>1</nb_hits>
		<nb_hits_with_time_generation>1</nb_hits_with_time_generation>
		<min_time_generation>0.344</min_time_generation>
		<max_time_generation>0.344</max_time_generation>
		<sum_time_spent>0</sum_time_spent>
		<bounce_count>0</bounce_count>
		<exit_nb_visits>1</exit_nb_visits>
		<sum_daily_nb_uniq_visitors>1</sum_daily_nb_uniq_visitors>
		<avg_time_on_dimension>0</avg_time_on_dimension>
		<bounce_rate>0%</bounce_rate>
		<exit_rate>100%</exit_rate>
		<avg_time_generation>0.344</avg_time_generation>
		<segment>dimension3==value5+3</segment>
	</row>
</result>